// Jest Snapshot v1, https://goo.gl/fbAQLP

exports[`ErrorComponent renders correctly 1`] = `
<glamorous(div)>
  <h1>
    Error 
    <span
      aria-label="sad-emoji"
      role="img"
    >
      ðŸ˜ž
    </span>
  </h1>
  <h2>
    Please try again later.
  </h2>
  <p>
    Additional info: 
    Request failed
  </p>
</glamorous(div)>
`;
