// Jest Snapshot v1, https://goo.gl/fbAQLP

exports[`ErrorBoundry component renders correctly if there is an error 1`] = `
<LoadableComponent
  error="Request failed"
/>
`;

exports[`ErrorBoundry component renders correctly if there is no error 1`] = `
<div>
  <div />
</div>
`;
