// Jest Snapshot v1, https://goo.gl/fbAQLP

exports[`App component renders correctly 1`] = `
<ThemeProvider
  theme={
    Object {
      "backgroundColor": "#f4f4f4",
      "boxShadow": "0 1px 2px rgba(0, 0, 0, 0.07)",
      "fontFamily": "-apple-system, BlinkMacSystemFont, \\"Nunito\\", \\"Segoe UI\\", Roboto, sans-serif",
      "gradient": "linear-gradient(to top right, #1d2b64, #f8cdda)",
      "mainColor": "#B53471",
    }
  }
>
  <ErrorBoundry>
    <glamorous(div)>
      <Routes
        auth={true}
      />
    </glamorous(div)>
  </ErrorBoundry>
</ThemeProvider>
`;
