// Jest Snapshot v1, https://goo.gl/fbAQLP

exports[`Page404 component renders Page404 component correctly 1`] = `
<glamorous(div)>
  <div>
    404
  </div>
  <h1>
    Page not found
  </h1>
</glamorous(div)>
`;
